Microchip MPLAB XC8 Compiler V2.36

Linker command line:

-W-3 --edf=C:\Program Files\Microchip\xc8\v2.36\pic\dat\en_msgs.txt -cn \
  -h+dist/default/production\Lab08.X.production.sym \
  --cmf=dist/default/production\Lab08.X.production.cmf -z -Q16F887 \
  -oC:\Users\vasqu\AppData\Local\Temp\xcAsgn8.4 --defsym=__MPLAB_BUILD=1 \
  -Mdist/default/production/Lab08.X.production.map \
  --md=C:\Users\vasqu\AppData\Local\Temp\xcAsgn8.dat -E1 -ver=XC8 Compiler \
  --acfsm=1493 -ACODE=00h-07FFhx4 -ASTRCODE=00h-01FFFh -ASTRING=00h-0FFhx32 \
  -ACONST=00h-0FFhx32 -AENTRY=00h-0FFhx32 -ACOMMON=070h-07Fh \
  -ABANK0=020h-06Fh -ABANK1=0A0h-0EFh -ABANK2=0110h-016Fh \
  -ABANK3=0190h-01EFh -ARAM=020h-06Fh,0A0h-0EFh,0110h-016Fh,0190h-01EFh \
  -AABS1=020h-07Fh,0A0h-0EFh,0110h-016Fh,0190h-01EFh -ASFR0=00h-01Fh \
  -ASFR1=080h-09Fh -ASFR2=0100h-010Fh -ASFR3=0180h-018Fh \
  -ACONFIG=02007h-02008h -DCONFIG=2 -AIDLOC=02000h-02003h -DIDLOC=2 \
  -AEEDATA=00h-0FFh/02100h -peeprom_data=EEDATA -DEEDATA=2 -DCODE=2 \
  -DSTRCODE=2 -DSTRING=2 -DCONST=2 -DENTRY=2 \
  -preset_vec=00h,intentry=04h,init,end_init -ppowerup=CODE -pcinit=CODE \
  -pfunctab=ENTRY -k C:\Users\vasqu\AppData\Local\Temp\xcAsgn8.o \
  dist/default/production\Lab08.X.production.o 

Object code version is 3.11

Machine type is 16F887



                Name                               Link     Load   Length Selector   Space Scale
C:\Users\vasqu\AppData\Local\Temp\xcAsgn8.o
                end_init                             12       12        3        8       0
                reset_vec                             0        0        3        0       0
                config                             2007     2007        2        0       4
                idloc                              2000     2000        4        0       5
dist/default/production\Lab08.X.production.o
                cinit                                15       15        A        8       0
                intentry                              4        4        E        8       0
                config                             2007     2007        2        0       4
                idloc                              2000     2000        4        0       5
                text14                              2DB      2DB       26      166       0
                text13                              301      301       1C      166       0
                text12                              1E4      1E4       44      166       0
                text11                              228      228       3A      166       0
                text10                              129      129       72      166       0
                text9                               2B5      2B5       26      166       0
                text8                                B3       B3       76      166       0
                text7                               344      344        D      166       0
                text6                               335      335        F      166       0
                text5                               19B      19B       49      166       0
                text4                               35A      35A        5      166       0
                text3                               31D      31D       18      166       0
                text2                               351      351        9      166       0
                text1                               28F      28F       26      166       0
                maintext                            262      262       2D      166       0
                cstackBANK0                          20       20       14       20       1
                cstackCOMMON                         70       70        E       70       1
                bssBANK0                             34       34        4       20       1
                strings                              1F       1F       94       3E       0

TOTAL           Name                               Link     Load   Length     Space
        CLASS   CODE           
                end_init                             12       12        3         0
                cinit                                15       15        A         0
                intentry                              4        4        E         0
                reset_vec                             0        0        3         0
                text14                              2DB      2DB       26         0
                text13                              301      301       1C         0
                text12                              1E4      1E4       44         0
                text11                              228      228       3A         0
                text10                              129      129       72         0
                text9                               2B5      2B5       26         0
                text8                                B3       B3       76         0
                text7                               344      344        D         0
                text6                               335      335        F         0
                text5                               19B      19B       49         0
                text4                               35A      35A        5         0
                text3                               31D      31D       18         0
                text2                               351      351        9         0
                text1                               28F      28F       26         0
                maintext                            262      262       2D         0

        CLASS   STRCODE        

        CLASS   STRING         
                strings                              1F       1F       94         0

        CLASS   CONST          

        CLASS   ENTRY          

        CLASS   COMMON         
                cstackCOMMON                         70       70        E         1

        CLASS   BANK0          
                cstackBANK0                          20       20       14         1
                bssBANK0                             34       34        4         1

        CLASS   BANK1          

        CLASS   BANK2          

        CLASS   BANK3          

        CLASS   RAM            

        CLASS   ABS1           
                abs_s1                               7E       7E        2         1

        CLASS   SFR0           

        CLASS   SFR1           

        CLASS   SFR2           

        CLASS   SFR3           

        CLASS   CONFIG         
                config                             2007     2007        2         4

        CLASS   IDLOC          
                idloc                              2000     2000        4         5

        CLASS   EEDATA         

        CLASS   STACK          



SEGMENTS        Name                           Load    Length   Top    Selector   Space  Class     Delta

                reset_vec                      000000  000003  000003         0       0  CODE        2
                intentry                       000004  00001B  00001F         8       0  CODE        2
                cstackBANK0                    000020  000018  000038        20       1  BANK0       1
                strings                        00001F  000094  0000B3        3E       0  STRING      2
                cstackCOMMON                   000070  00000E  00007E        70       1  COMMON      1
                text8                          0000B3  0002AC  00035F       166       0  CODE        2


UNUSED ADDRESS RANGES

        Name                Unused          Largest block    Delta
        BANK0            0038-006F             38           1
        BANK1            00A0-00EF             50           1
        BANK2            0110-016F             60           1
        BANK3            0190-01EF             60           1
        CODE             0003-0003              1           2
                         035F-1FFF            800
        CONST            0003-0003              1           2
                         035F-1FFF            100
        EEDATA           2100-21FF            100           2
        ENTRY            0003-0003              1           2
                         035F-1FFF            100
        RAM              0038-006F             38           1
                         00A0-00EF             50
                         0110-016F             60
                         0190-01EF             60
        SFR0             0000-001F             20           1
        SFR1             0080-009F             20           1
        SFR2             0100-010F             10           1
        SFR3             0180-018F             10           1
        STRCODE          0003-0003              1           2
                         035F-1FFF           1CA1
        STRING           0003-0003              1           2
                         035F-1FFF            100

                                  Symbol Table

?___lwdiv                  cstackCOMMON 0070
?___lwmod                  cstackCOMMON 0070
ADC_Int@ADFM_Select        cstackBANK0  002F
ADC_Select@channel         cstackBANK0  002F
Texto@text                 cstackCOMMON 0070
_ADC1                      bssBANK0     0036
_ADCON0                    (abs)        001F
_ADCON0bits                (abs)        001F
_ADCON1bits                (abs)        009F
_ADC_Capture               text7        0344
_ADC_Int                   text6        0335
_ADC_Select                text5        019B
_ADIE                      (abs)        0466
_ADIF                      (abs)        0066
_ADRESH                    (abs)        001E
_ANSEL                     (abs)        0188
_ANSELH                    (abs)        0189
_EUSART_Enable_Isr         text4        035A
_EUSART_Init               text3        031D
_GIE                       (abs)        005F
_Int_Enable                text2        0351
_Menu                      text13       0301
_Menu_Flag                 bssBANK0     0034
_OSCCONbits                (abs)        008F
_PEIE                      (abs)        005E
_PIE1bits                  (abs)        008C
_PIR1bits                  (abs)        000C
_PORTA                     (abs)        0005
_PORTB                     (abs)        0006
_PORTC                     (abs)        0007
_PORTD                     (abs)        0008
_Potentiometer             bssBANK0     0037
_RCREG                     (abs)        001A
_RCSTAbits                 (abs)        0018
_SPBRG                     (abs)        0099
_SPBRGH                    (abs)        009A
_Selector                  bssBANK0     0035
_Setup                     text1        028F
_TRISA                     (abs)        0085
_TRISB                     (abs)        0086
_TRISC                     (abs)        0087
_TRISD                     (abs)        0088
_TXIF                      (abs)        0064
_TXREG                     (abs)        0019
_TXSTAbits                 (abs)        0098
_Texto                     text14       02DB
__Habs1                    abs1         0000
__Hbank0                   bank0        0000
__Hbank1                   bank1        0000
__Hbank2                   bank2        0000
__Hbank3                   bank3        0000
__HbssBANK0                bssBANK0     0000
__Hcinit                   cinit        001F
__Hclrtext                 clrtext      0000
__Hcode                    code         0000
__Hcommon                  common       0000
__Hconfig                  config       2009
__HcstackBANK0             cstackBANK0  0000
__HcstackCOMMON            cstackCOMMON 0000
__Heeprom_data             eeprom_data  0000
__Hend_init                end_init     0015
__Hfunctab                 functab      0000
__Hidloc                   idloc        2004
__Hinit                    init         0012
__Hintentry                intentry     0012
__Hmaintext                maintext     0000
__Hpowerup                 powerup      0000
__Hram                     ram          0000
__Hreset_vec               reset_vec    0003
__Hsfr0                    sfr0         0000
__Hsfr1                    sfr1         0000
__Hsfr2                    sfr2         0000
__Hsfr3                    sfr3         0000
__Hspace_0                 (abs)        035F
__Hspace_1                 (abs)        007E
__Hspace_2                 (abs)        0000
__Hspace_3                 (abs)        0000
__Hspace_4                 (abs)        4010
__Hstack                   stack        0000
__Hstrings                 strings      0000
__Htext                    text         0000
__Labs1                    abs1         0000
__Lbank0                   bank0        0000
__Lbank1                   bank1        0000
__Lbank2                   bank2        0000
__Lbank3                   bank3        0000
__LbssBANK0                bssBANK0     0000
__Lcinit                   cinit        0015
__Lclrtext                 clrtext      0000
__Lcode                    code         0000
__Lcommon                  common       0000
__Lconfig                  config       0000
__LcstackBANK0             cstackBANK0  0000
__LcstackCOMMON            cstackCOMMON 0000
__Leeprom_data             eeprom_data  0000
__Lend_init                end_init     0012
__Lfunctab                 functab      0000
__Lidloc                   idloc        0000
__Linit                    init         0012
__Lintentry                intentry     0004
__Lmaintext                maintext     0000
__Lpowerup                 powerup      0000
__Lram                     ram          0000
__Lreset_vec               reset_vec    0000
__Lsfr0                    sfr0         0000
__Lsfr1                    sfr1         0000
__Lsfr2                    sfr2         0000
__Lsfr3                    sfr3         0000
__Lspace_0                 (abs)        0000
__Lspace_1                 (abs)        0000
__Lspace_2                 (abs)        0000
__Lspace_3                 (abs)        0000
__Lspace_4                 (abs)        0000
__Lstack                   stack        0000
__Lstrings                 strings      0000
__Ltext                    text         0000
__S0                       (abs)        035F
__S1                       (abs)        007E
__S3                       (abs)        0000
___int_sp                  stack        0000
___latbits                 (abs)        0002
___lwdiv                   text12       01E4
___lwdiv@counter           cstackCOMMON 0077
___lwdiv@dividend          cstackCOMMON 0072
___lwdiv@divisor           cstackCOMMON 0070
___lwdiv@quotient          cstackCOMMON 0075
___lwmod                   text11       0228
___lwmod@counter           cstackCOMMON 0075
___lwmod@dividend          cstackCOMMON 0072
___lwmod@divisor           cstackCOMMON 0070
___sp                      stack        0000
___stackhi                 (abs)        0000
___stacklo                 (abs)        0000
__end_of_ADC_Capture       text7        0351
__end_of_ADC_Int           text6        0344
__end_of_ADC_Select        text5        01E4
__end_of_EUSART_Enable_Isr text4        035F
__end_of_EUSART_Init       text3        0335
__end_of_Int_Enable        text2        035A
__end_of_Menu              text13       031D
__end_of_Setup             text1        02B5
__end_of_Texto             text14       0301
__end_of___lwdiv           text12       0228
__end_of___lwmod           text11       0262
__end_of__initialization   cinit        001B
__end_of__stringtab        strings      002F
__end_of_isr               text8        0129
__end_of_itoa              text9        02DB
__end_of_main              maintext     028F
__end_of_utoa              text10       019B
__initialization           cinit        0015
__pbssBANK0                bssBANK0     0034
__pcstackBANK0             cstackBANK0  0020
__pcstackCOMMON            cstackCOMMON 0070
__pintentry                intentry     0004
__pmaintext                maintext     0262
__pstrings                 strings      001F
__ptext1                   text1        028F
__ptext10                  text10       0129
__ptext11                  text11       0228
__ptext12                  text12       01E4
__ptext13                  text13       0301
__ptext14                  text14       02DB
__ptext2                   text2        0351
__ptext3                   text3        031D
__ptext4                   text4        035A
__ptext5                   text5        019B
__ptext6                   text6        0335
__ptext7                   text7        0344
__ptext8                   text8        00B3
__ptext9                   text9        02B5
__stringbase               strings      002E
__stringtab                strings      001F
_isr                       text8        00B3
_itoa                      text9        02B5
_main                      maintext     0262
_utoa                      text10       0129
btemp                      (abs)        007E
end_of_initialization      cinit        001B
interrupt_function         intentry     0004
intlevel0                  functab      0000
intlevel1                  functab      0000
intlevel2                  functab      0000
intlevel3                  functab      0000
intlevel4                  functab      0000
intlevel5                  functab      0000
itoa@base                  cstackBANK0  0026
itoa@buf                   cstackBANK0  0028
itoa@val                   cstackBANK0  0024
reset_vec                  reset_vec    0000
saved_w                    (abs)        007E
start                      init         0012
start_initialization       cinit        0015
utoa@base                  cstackCOMMON 007A
utoa@buf                   cstackBANK0  0023
utoa@c                     cstackBANK0  0022
utoa@v                     cstackBANK0  0020
utoa@val                   cstackCOMMON 0078
wtemp0                     (abs)        007E


MODULE INFORMATION

Module		Function		Class		Link	Load	Size
C:\Program Files\Microchip\xc8\v2.36\pic\sources\c90\common\lwmod.c
		___lwmod       		CODE           	0228	0000	58

C:\Program Files\Microchip\xc8\v2.36\pic\sources\c90\common\lwmod.c estimated size: 58

UESART.c
		_EUSART_Init   		CODE           	031D	0000	24
		_EUSART_Enable_Isr		CODE           	035A	0000	5

UESART.c estimated size: 29

C:\Program Files\Microchip\xc8\v2.36\pic\sources\c90\common\lwdiv.c
		___lwdiv       		CODE           	01E4	0000	68

C:\Program Files\Microchip\xc8\v2.36\pic\sources\c90\common\lwdiv.c estimated size: 68

shared
		__stringtab    		STRING         	001F	0000	16
		__initialization		CODE           	0015	0000	6

shared estimated size: 22

ADC.c
		_ADC_Int       		CODE           	0335	0000	15
		_ADC_Select    		CODE           	019B	0000	73

ADC.c estimated size: 88

C:\Program Files\Microchip\xc8\v2.36\pic\sources\c90\common\itoa.c
		_itoa          		CODE           	02B5	0000	38
		_utoa          		CODE           	0129	0000	114

C:\Program Files\Microchip\xc8\v2.36\pic\sources\c90\common\itoa.c estimated size: 152

main.c
		_ADC_Capture   		CODE           	0344	0000	13
		_main          		CODE           	0262	0000	45
		_Texto         		CODE           	02DB	0000	38
		_Setup         		CODE           	028F	0000	38
		_isr           		CODE           	00B3	0000	118
		_Int_Enable    		CODE           	0351	0000	9
		_Menu          		CODE           	0301	0000	28

main.c estimated size: 289

